
> lovesaver@0.1.0 build
> next build

  Γû▓ Next.js 14.2.3
  - Environments: .env.local

   Creating an optimized production build ...
node.exe : Failed 
to compile.
At line:1 char:1
+ & "C:\Program File
s\nodejs/node.exe" 
"C:\Program Files\no
dejs/node_mo ...
+ ~~~~~~~~~~~~~~~~~~
~~~~~~~~~~~~~~~~~~~~
~~~~~~~~~~~~~~~~~~~~
~~~~~~~~~~~
    + CategoryInfo  
            : NotS  
  pecified: (Fail   
 ed to compile.:    
String) [], Rem    
oteException
    + FullyQualifie 
   dErrorId : Nati  
  veCommandError
 

./node_modules/recha
rts/es6/util/ReactUt
ils.js
Module not found: 
Can't resolve 
'react-is'

https://nextjs.org/d
ocs/messages/module-
not-found

Import trace for 
requested module:
./node_modules/recha
rts/es6/polar/Pie.js
__barrel_optimize__?
names=Cell,Pie,PieCh
art,ResponsiveContai
ner,Tooltip!=!./node
_modules/recharts/es
6/index.js
./src/app/dashboard/
page.tsx


> Build failed 
because of webpack 
errors
